// Jest Snapshot v1, https://goo.gl/fbAQLP

exports[`<Card /> renders correctly 1`] = `
.emotion-0 {
  margin-bottom: 1.5rem;
  border: 1px solid #ccc;
  padding: 0.5rem 0.25rem;
  box-shadow: 3px 3px 5px #656E9A;
}

<div
  class=" emotion-0"
>
  <div>
    Hello World
  </div>
</div>
`;
